No Solution
No Solution
No Solution
No Solution
No Solution
B3DE2FGIJ2K7L4MN6OPQRSUVW4XY2Z3
C5E4F2K4L8M5P2S3T4U4Y4
No Solution
No Solution
No Solution
No Solution
A4B2D5E4G3H6K5M3N4P4S7V8W8Y8
D5X4
No Solution
No Solution
AB4C2DE7F2G5HI4JK2L7MN4O7P3Q3R5S4T2U7VW4X5Y9Z4
E8G4H8I2J8O4R2S9V6
No Solution
No Solution
No Solution
B4C6D2E5F5G8H2I3J9K8L4M7NO2P2Q7R4S4TU5V3W3X6Y9Z2
No Solution
D6F7I7L5P8R4S5VZ4
No Solution
No Solution
No Solution
M6R2VX3Y
E8R8
No Solution
A2B3D4F8G9H8J5K8L4O8P4Q4TUV2W7X2
No Solution
No Solution
No Solution
B2CD6F2H4IJ7K6L3M3N3O4P2QRS7T8U8VW7X3Y2Z7
No Solution
No Solution
B7C7DE5F9GH3IJ9K3L3MN3O4PQ3R5S6T3U3V2W5X4Y9Z3
No Solution
AB4C3D9F3G4HI3J3K8L6M3NO5P5Q8R7S9TU5V3W5XY8Z5
No Solution
D2G7L2N6P5RZ
No Solution
No Solution
B8C5G3I4J2KM8P7S7U6Y
No Solution
AB8C3D7E7F2G8H3I6J4K2L6M8N2P4Q5R4S4T3U8V7W6X4Y3Z5
No Solution
No Solution
No Solution
No Solution
No Solution
C7H2I9
No Solution
No Solution
No Solution
No Solution
No Solution
No Solution
No Solution
No Solution
No Solution
B7J2M2U3
No Solution
ABC4E5F4G6H5I3J5K8M2N7O9QR6T9UW7X2YZ8
No Solution
No Solution
C4E9J6K2QR4S3U7W8Z4
H2P2U9V6WY8
No Solution
No Solution
No Solution
No Solution
No Solution
No Solution
B2C4D4E8F3G8H8I6J9K7L3M6N2O7P6Q7R5S5T6U6V2W8X8Y3Z9
No Solution
C4E6F7GJ4K5M6OQ5S5T7U6Y8Z4
No Solution
No Solution
No Solution
No Solution
A3B8EN9O5U
No Solution
No Solution
ABC3E9F3G2H7I9KL8M8N2P6Q4STU
No Solution
No Solution
No Solution
B5C8D3E3F6G5HIJ8K5L5M4N3O3P6Q9R5S6T2U4V4W6XY4Z3
No Solution
No Solution
B3C9E3F6G3H4IJ2K7L3M4N4OP2QR8S5T5U3V3WX2Y5Z2
No Solution
QU2
P6R3S3X6
A4B7C8D5F9G3H5I9JK7L2M4N7O7Q4R4S6T9U3V8W2X2Y4Z2
No Solution
No Solution
AG3LO
No Solution
