No Solution
No Solution
No Solution
A6C9F9H8J5L8M2N5O3P4Q5S8U9V8W9X9Y5
No Solution
No Solution
No Solution
No Solution
C7I9P2
No Solution
No Solution
No Solution
No Solution
A3B8C3D3G3H7I9J5MN7P4QY2Z
No Solution
F2H2TW
E3
B8C2D5E2F3H3IJ4L3M8N5O4P3R3S3T7U7V6W6X4Y8Z5
No Solution
No Solution
No Solution
No Solution
B6D9EH8J7M8N2OP6Q4RS5T7VX2Y2Z7
No Solution
C3D4G6K3LR2TU2W5
F9G5I8N5X5
B5T6
No Solution
No Solution
ABCE2F4H6IJK7L6N2PQ4R7ST2V2XY
A7B2C5D2E9F7G7H7IJ7LM2N5O5P3Q4R7S8T3U4V2W3X5Y4Z9
FL6R9S8Z2
C3I8Y4
No Solution
No Solution
A3B3DFHI3N8O2PQ5R4T8U2V4X3Y4Z
No Solution
No Solution
No Solution
No Solution
No Solution
No Solution
No Solution
K2L2O7U2
No Solution
No Solution
E6M4S
No Solution
D5EK4L2M8N5P6S3X4
No Solution
HJ4L3Q8W5Y8
No Solution
No Solution
A9KM3P2Z2
E4UW4
K2M3O4Q7
No Solution
No Solution
No Solution
ABHI9J2KN6O5P2S7V2
No Solution
B7C5D7E6FG8H9I4J7K6L5M2N9O3QR7ST5U3V4W6X3Y7Z6
K2MPT5U3X5
A8B3C6FG8H2I2J8KM6NOP7Q9R6S3TU3V4W3XY8
No Solution
No Solution
No Solution
No Solution
No Solution
No Solution
No Solution
No Solution
A3D3EFG2H4I2J4K4LN3O2P2R3S4U4VW3Z
A8B7C2DF7G9I4J3K7L9M6NO2QR2S4W2Z8
A9I4J2K3L3M5N3OP4Q5R
A6B2C2D7E9F5G7H4I3J3LM2N5O2P2Q4R2TU7VW4X7Y6Z3
BC2D4E6F2G2HJ7K8L4M2N9Q5R5V4Y9Z9
No Solution
No Solution
No Solution
No Solution
No Solution
Z
No Solution
No Solution
No Solution
No Solution
J2K2PQ2SU
B2C5D5E6GH3JK9L5M9N2O4P4Q3R8S6T2U5WX2Y9Z
A2EG3I3NQ4R4U3V
No Solution
B6C3DE2F8G3H4I5J4KL3M4N4OP4Q6RS5T6U6V4W9X4Y3Z6
No Solution
No Solution
No Solution
L8P2W6Z6
No Solution
No Solution
No Solution
A6B8C4D5F9G9H2K6LMN3O5P3QR4S7T9U3V4WX4YZ7
